
T17775.hs:15:5: error:
    • Couldn't match type ‘Char’ with ‘Show Int => ()’
      Expected type: Int -> Show Int => ()
        Actual type: Int -> Char
    • In the expression: g
      In an equation for ‘f’: f = g
