
==================== Parser ====================
module ShouldCompile where
data A
  = " A comment that documents the first constructor

 comment for A "
    A |
    " comment for B " B |
    " comment for C  " C |
    D


