
==================== Parser AST ====================

({ T17544.hs:1:1 }
 (HsModule
  (VirtualBraces
   (1))
  (Just
   ({ T17544.hs:3:8-13 }
    {ModuleName: T17544}))
  (Nothing)
  []
  [({ T17544.hs:(5,1)-(6,16) }
    (TyClD
     (NoExtField)
     (ClassDecl
      (VirtualBraces
       (3))
      ({ <no location info> }
       [])
      ({ T17544.hs:5:7-8 }
       (Unqual
        {OccName: C1}))
      (HsQTvs
       (NoExtField)
       [({ T17544.hs:5:10 }
         (UserTyVar
          (NoExtField)
          ({ T17544.hs:5:10 }
           (Unqual
            {OccName: a}))))])
      (Prefix)
      []
      [({ T17544.hs:6:3-16 }
        (ClassOpSig
         (NoExtField)
         (False)
         [({ T17544.hs:6:3-4 }
           (Unqual
            {OccName: f1}))]
         (HsIB
          (NoExtField)
          ({ T17544.hs:6:9-16 }
           (HsFunTy
            (NoExtField)
            ({ T17544.hs:6:9 }
             (HsTyVar
              (NoExtField)
              (NotPromoted)
              ({ T17544.hs:6:9 }
               (Unqual
                {OccName: a}))))
            ({ T17544.hs:6:14-16 }
             (HsDocTy
              (NoExtField)
              ({ T17544.hs:6:14-16 }
               (HsTyVar
                (NoExtField)
                (NotPromoted)
                ({ T17544.hs:6:14-16 }
                 (Unqual
                  {OccName: Int}))))
              ({ T17544.hs:7:5-23 }
               (HsDocString
                " comment on Int")))))))))]
      {Bag(Located (HsBind GhcPs)):
       []}
      []
      []
      [])))
  ,({ T17544.hs:(9,1)-(11,2) }
    (TyClD
     (NoExtField)
     (ClassDecl
      (VirtualBraces
       (3))
      ({ <no location info> }
       [])
      ({ T17544.hs:9:7-8 }
       (Unqual
        {OccName: C2}))
      (HsQTvs
       (NoExtField)
       [({ T17544.hs:9:10 }
         (UserTyVar
          (NoExtField)
          ({ T17544.hs:9:10 }
           (Unqual
            {OccName: a}))))])
      (Prefix)
      []
      [({ T17544.hs:10:3-16 }
        (ClassOpSig
         (NoExtField)
         (False)
         [({ T17544.hs:10:3-4 }
           (Unqual
            {OccName: f2}))]
         (HsIB
          (NoExtField)
          ({ T17544.hs:10:9-16 }
           (HsFunTy
            (NoExtField)
            ({ T17544.hs:10:9 }
             (HsTyVar
              (NoExtField)
              (NotPromoted)
              ({ T17544.hs:10:9 }
               (Unqual
                {OccName: a}))))
            ({ T17544.hs:10:14-16 }
             (HsTyVar
              (NoExtField)
              (NotPromoted)
              ({ T17544.hs:10:14-16 }
               (Unqual
                {OccName: Int})))))))))]
      {Bag(Located (HsBind GhcPs)):
       []}
      []
      []
      [({ T17544.hs:11:3-20 }
        (DocCommentPrev
         (HsDocString
          " comment on f2")))])))
  ,({ T17544.hs:(13,1)-(14,16) }
    (TyClD
     (NoExtField)
     (ClassDecl
      (VirtualBraces
       (3))
      ({ <no location info> }
       [])
      ({ T17544.hs:13:7-8 }
       (Unqual
        {OccName: C3}))
      (HsQTvs
       (NoExtField)
       [({ T17544.hs:13:10 }
         (UserTyVar
          (NoExtField)
          ({ T17544.hs:13:10 }
           (Unqual
            {OccName: a}))))])
      (Prefix)
      []
      [({ T17544.hs:14:3-16 }
        (ClassOpSig
         (NoExtField)
         (False)
         [({ T17544.hs:14:3-4 }
           (Unqual
            {OccName: f3}))]
         (HsIB
          (NoExtField)
          ({ T17544.hs:14:9-16 }
           (HsFunTy
            (NoExtField)
            ({ T17544.hs:14:9 }
             (HsTyVar
              (NoExtField)
              (NotPromoted)
              ({ T17544.hs:14:9 }
               (Unqual
                {OccName: a}))))
            ({ T17544.hs:14:14-16 }
             (HsTyVar
              (NoExtField)
              (NotPromoted)
              ({ T17544.hs:14:14-16 }
               (Unqual
                {OccName: Int})))))))))]
      {Bag(Located (HsBind GhcPs)):
       []}
      []
      []
      [])))
  ,({ T17544.hs:15:1-18 }
    (DocD
     (NoExtField)
     (DocCommentPrev
      (HsDocString
       " comment on C3"))))
  ,({ T17544.hs:25:1-30 }
    (TyClD
     (NoExtField)
     (ClassDecl
      (ExplicitBraces)
      ({ <no location info> }
       [])
      ({ T17544.hs:25:7-8 }
       (Unqual
        {OccName: C5}))
      (HsQTvs
       (NoExtField)
       [({ T17544.hs:25:10 }
         (UserTyVar
          (NoExtField)
          ({ T17544.hs:25:10 }
           (Unqual
            {OccName: a}))))])
      (Prefix)
      []
      []
      {Bag(Located (HsBind GhcPs)):
       []}
      [({ T17544.hs:25:20-28 }
        (FamilyDecl
         (NoExtField)
         (DataFamily)
         ({ T17544.hs:25:25-26 }
          (Unqual
           {OccName: D5}))
         (HsQTvs
          (NoExtField)
          [({ T17544.hs:25:28 }
            (UserTyVar
             (NoExtField)
             ({ T17544.hs:25:28 }
              (Unqual
               {OccName: a}))))])
         (Prefix)
         ({ <no location info> }
          (NoSig
           (NoExtField)))
         (Nothing)))]
      []
      [])))
  ,({ T17544.hs:(26,1)-(28,18) }
    (InstD
     (NoExtField)
     (ClsInstD
      (NoExtField)
      (ClsInstDecl
       (NoExtField)
       (HsIB
        (NoExtField)
        ({ T17544.hs:26:10-15 }
         (HsAppTy
          (NoExtField)
          ({ T17544.hs:26:10-11 }
           (HsTyVar
            (NoExtField)
            (NotPromoted)
            ({ T17544.hs:26:10-11 }
             (Unqual
              {OccName: C5}))))
          ({ T17544.hs:26:13-15 }
           (HsTyVar
            (NoExtField)
            (NotPromoted)
            ({ T17544.hs:26:13-15 }
             (Unqual
              {OccName: Int})))))))
       {Bag(Located (HsBind GhcPs)):
        []}
       []
       []
       [({ T17544.hs:(27,3)-(28,18) }
         (DataFamInstDecl
          (HsIB
           (NoExtField)
           (FamEqn
            (NoExtField)
            ({ T17544.hs:27:8-9 }
             (Unqual
              {OccName: D5}))
            (Nothing)
            [(HsValArg
              ({ T17544.hs:27:11-13 }
               (HsTyVar
                (NoExtField)
                (NotPromoted)
                ({ T17544.hs:27:11-13 }
                 (Unqual
                  {OccName: Int})))))]
            (Prefix)
            (HsDataDefn
             (NoExtField)
             (DataType)
             ({ <no location info> }
              [])
             (Nothing)
             (Nothing)
             [({ T17544.hs:28:5-18 }
               (ConDeclGADT
                (NoExtField)
                [({ T17544.hs:28:5-8 }
                  (Unqual
                   {OccName: MkD5}))]
                ({ T17544.hs:28:13-18 }
                 (False))
                (HsQTvs
                 (NoExtField)
                 [])
                (Nothing)
                (PrefixCon
                 [])
                ({ T17544.hs:28:13-18 }
                 (HsAppTy
                  (NoExtField)
                  ({ T17544.hs:28:13-14 }
                   (HsTyVar
                    (NoExtField)
                    (NotPromoted)
                    ({ T17544.hs:28:13-14 }
                     (Unqual
                      {OccName: D5}))))
                  ({ T17544.hs:28:16-18 }
                   (HsTyVar
                    (NoExtField)
                    (NotPromoted)
                    ({ T17544.hs:28:16-18 }
                     (Unqual
                      {OccName: Int}))))))
                (Nothing)))]
             ({ <no location info> }
              []))))))]
       (Nothing)))))
  ,({ T17544.hs:31:1-30 }
    (TyClD
     (NoExtField)
     (ClassDecl
      (ExplicitBraces)
      ({ <no location info> }
       [])
      ({ T17544.hs:31:7-8 }
       (Unqual
        {OccName: C6}))
      (HsQTvs
       (NoExtField)
       [({ T17544.hs:31:10 }
         (UserTyVar
          (NoExtField)
          ({ T17544.hs:31:10 }
           (Unqual
            {OccName: a}))))])
      (Prefix)
      []
      []
      {Bag(Located (HsBind GhcPs)):
       []}
      [({ T17544.hs:31:20-28 }
        (FamilyDecl
         (NoExtField)
         (DataFamily)
         ({ T17544.hs:31:25-26 }
          (Unqual
           {OccName: D6}))
         (HsQTvs
          (NoExtField)
          [({ T17544.hs:31:28 }
            (UserTyVar
             (NoExtField)
             ({ T17544.hs:31:28 }
              (Unqual
               {OccName: a}))))])
         (Prefix)
         ({ <no location info> }
          (NoSig
           (NoExtField)))
         (Nothing)))]
      []
      [])))
  ,({ T17544.hs:(32,1)-(34,18) }
    (InstD
     (NoExtField)
     (ClsInstD
      (NoExtField)
      (ClsInstDecl
       (NoExtField)
       (HsIB
        (NoExtField)
        ({ T17544.hs:32:10-15 }
         (HsAppTy
          (NoExtField)
          ({ T17544.hs:32:10-11 }
           (HsTyVar
            (NoExtField)
            (NotPromoted)
            ({ T17544.hs:32:10-11 }
             (Unqual
              {OccName: C6}))))
          ({ T17544.hs:32:13-15 }
           (HsTyVar
            (NoExtField)
            (NotPromoted)
            ({ T17544.hs:32:13-15 }
             (Unqual
              {OccName: Int})))))))
       {Bag(Located (HsBind GhcPs)):
        []}
       []
       []
       [({ T17544.hs:(33,3)-(34,18) }
         (DataFamInstDecl
          (HsIB
           (NoExtField)
           (FamEqn
            (NoExtField)
            ({ T17544.hs:33:8-9 }
             (Unqual
              {OccName: D6}))
            (Nothing)
            [(HsValArg
              ({ T17544.hs:33:11-13 }
               (HsTyVar
                (NoExtField)
                (NotPromoted)
                ({ T17544.hs:33:11-13 }
                 (Unqual
                  {OccName: Int})))))]
            (Prefix)
            (HsDataDefn
             (NoExtField)
             (DataType)
             ({ <no location info> }
              [])
             (Nothing)
             (Nothing)
             [({ T17544.hs:34:5-18 }
               (ConDeclGADT
                (NoExtField)
                [({ T17544.hs:34:5-8 }
                  (Unqual
                   {OccName: MkD6}))]
                ({ T17544.hs:34:13-18 }
                 (False))
                (HsQTvs
                 (NoExtField)
                 [])
                (Nothing)
                (PrefixCon
                 [])
                ({ T17544.hs:34:13-18 }
                 (HsAppTy
                  (NoExtField)
                  ({ T17544.hs:34:13-14 }
                   (HsTyVar
                    (NoExtField)
                    (NotPromoted)
                    ({ T17544.hs:34:13-14 }
                     (Unqual
                      {OccName: D6}))))
                  ({ T17544.hs:34:16-18 }
                   (HsTyVar
                    (NoExtField)
                    (NotPromoted)
                    ({ T17544.hs:34:16-18 }
                     (Unqual
                      {OccName: Int}))))))
                (Nothing)))]
             ({ <no location info> }
              []))))))]
       (Nothing)))))
  ,({ T17544.hs:37:1-30 }
    (TyClD
     (NoExtField)
     (ClassDecl
      (ExplicitBraces)
      ({ <no location info> }
       [])
      ({ T17544.hs:37:7-8 }
       (Unqual
        {OccName: C7}))
      (HsQTvs
       (NoExtField)
       [({ T17544.hs:37:10 }
         (UserTyVar
          (NoExtField)
          ({ T17544.hs:37:10 }
           (Unqual
            {OccName: a}))))])
      (Prefix)
      []
      []
      {Bag(Located (HsBind GhcPs)):
       []}
      [({ T17544.hs:37:20-28 }
        (FamilyDecl
         (NoExtField)
         (DataFamily)
         ({ T17544.hs:37:25-26 }
          (Unqual
           {OccName: D7}))
         (HsQTvs
          (NoExtField)
          [({ T17544.hs:37:28 }
            (UserTyVar
             (NoExtField)
             ({ T17544.hs:37:28 }
              (Unqual
               {OccName: a}))))])
         (Prefix)
         ({ <no location info> }
          (NoSig
           (NoExtField)))
         (Nothing)))]
      []
      [])))
  ,({ T17544.hs:(38,1)-(40,18) }
    (InstD
     (NoExtField)
     (ClsInstD
      (NoExtField)
      (ClsInstDecl
       (NoExtField)
       (HsIB
        (NoExtField)
        ({ T17544.hs:38:10-15 }
         (HsAppTy
          (NoExtField)
          ({ T17544.hs:38:10-11 }
           (HsTyVar
            (NoExtField)
            (NotPromoted)
            ({ T17544.hs:38:10-11 }
             (Unqual
              {OccName: C7}))))
          ({ T17544.hs:38:13-15 }
           (HsTyVar
            (NoExtField)
            (NotPromoted)
            ({ T17544.hs:38:13-15 }
             (Unqual
              {OccName: Int})))))))
       {Bag(Located (HsBind GhcPs)):
        []}
       []
       []
       [({ T17544.hs:(39,3)-(40,18) }
         (DataFamInstDecl
          (HsIB
           (NoExtField)
           (FamEqn
            (NoExtField)
            ({ T17544.hs:39:8-9 }
             (Unqual
              {OccName: D7}))
            (Nothing)
            [(HsValArg
              ({ T17544.hs:39:11-13 }
               (HsTyVar
                (NoExtField)
                (NotPromoted)
                ({ T17544.hs:39:11-13 }
                 (Unqual
                  {OccName: Int})))))]
            (Prefix)
            (HsDataDefn
             (NoExtField)
             (DataType)
             ({ <no location info> }
              [])
             (Nothing)
             (Nothing)
             [({ T17544.hs:40:5-18 }
               (ConDeclGADT
                (NoExtField)
                [({ T17544.hs:40:5-8 }
                  (Unqual
                   {OccName: MkD7}))]
                ({ T17544.hs:40:13-18 }
                 (False))
                (HsQTvs
                 (NoExtField)
                 [])
                (Nothing)
                (PrefixCon
                 [])
                ({ T17544.hs:40:13-18 }
                 (HsAppTy
                  (NoExtField)
                  ({ T17544.hs:40:13-14 }
                   (HsTyVar
                    (NoExtField)
                    (NotPromoted)
                    ({ T17544.hs:40:13-14 }
                     (Unqual
                      {OccName: D7}))))
                  ({ T17544.hs:40:16-18 }
                   (HsTyVar
                    (NoExtField)
                    (NotPromoted)
                    ({ T17544.hs:40:16-18 }
                     (Unqual
                      {OccName: Int}))))))
                (Nothing)))]
             ({ <no location info> }
              []))))))]
       (Nothing)))))
  ,({ T17544.hs:43:1-30 }
    (TyClD
     (NoExtField)
     (ClassDecl
      (ExplicitBraces)
      ({ <no location info> }
       [])
      ({ T17544.hs:43:7-8 }
       (Unqual
        {OccName: C8}))
      (HsQTvs
       (NoExtField)
       [({ T17544.hs:43:10 }
         (UserTyVar
          (NoExtField)
          ({ T17544.hs:43:10 }
           (Unqual
            {OccName: a}))))])
      (Prefix)
      []
      []
      {Bag(Located (HsBind GhcPs)):
       []}
      [({ T17544.hs:43:20-28 }
        (FamilyDecl
         (NoExtField)
         (DataFamily)
         ({ T17544.hs:43:25-26 }
          (Unqual
           {OccName: D8}))
         (HsQTvs
          (NoExtField)
          [({ T17544.hs:43:28 }
            (UserTyVar
             (NoExtField)
             ({ T17544.hs:43:28 }
              (Unqual
               {OccName: a}))))])
         (Prefix)
         ({ <no location info> }
          (NoSig
           (NoExtField)))
         (Nothing)))]
      []
      [])))
  ,({ T17544.hs:(44,1)-(47,2) }
    (InstD
     (NoExtField)
     (ClsInstD
      (NoExtField)
      (ClsInstDecl
       (NoExtField)
       (HsIB
        (NoExtField)
        ({ T17544.hs:44:10-15 }
         (HsAppTy
          (NoExtField)
          ({ T17544.hs:44:10-11 }
           (HsTyVar
            (NoExtField)
            (NotPromoted)
            ({ T17544.hs:44:10-11 }
             (Unqual
              {OccName: C8}))))
          ({ T17544.hs:44:13-15 }
           (HsTyVar
            (NoExtField)
            (NotPromoted)
            ({ T17544.hs:44:13-15 }
             (Unqual
              {OccName: Int})))))))
       {Bag(Located (HsBind GhcPs)):
        []}
       []
       []
       [({ T17544.hs:(45,3)-(46,18) }
         (DataFamInstDecl
          (HsIB
           (NoExtField)
           (FamEqn
            (NoExtField)
            ({ T17544.hs:45:8-9 }
             (Unqual
              {OccName: D8}))
            (Nothing)
            [(HsValArg
              ({ T17544.hs:45:11-13 }
               (HsTyVar
                (NoExtField)
                (NotPromoted)
                ({ T17544.hs:45:11-13 }
                 (Unqual
                  {OccName: Int})))))]
            (Prefix)
            (HsDataDefn
             (NoExtField)
             (DataType)
             ({ <no location info> }
              [])
             (Nothing)
             (Nothing)
             [({ T17544.hs:46:5-18 }
               (ConDeclGADT
                (NoExtField)
                [({ T17544.hs:46:5-8 }
                  (Unqual
                   {OccName: MkD8}))]
                ({ T17544.hs:46:13-18 }
                 (False))
                (HsQTvs
                 (NoExtField)
                 [])
                (Nothing)
                (PrefixCon
                 [])
                ({ T17544.hs:46:13-18 }
                 (HsAppTy
                  (NoExtField)
                  ({ T17544.hs:46:13-14 }
                   (HsTyVar
                    (NoExtField)
                    (NotPromoted)
                    ({ T17544.hs:46:13-14 }
                     (Unqual
                      {OccName: D8}))))
                  ({ T17544.hs:46:16-18 }
                   (HsTyVar
                    (NoExtField)
                    (NotPromoted)
                    ({ T17544.hs:46:16-18 }
                     (Unqual
                      {OccName: Int}))))))
                (Nothing)))]
             ({ <no location info> }
              []))))))]
       (Nothing)))))
  ,({ T17544.hs:49:1-30 }
    (TyClD
     (NoExtField)
     (ClassDecl
      (ExplicitBraces)
      ({ <no location info> }
       [])
      ({ T17544.hs:49:7-8 }
       (Unqual
        {OccName: C9}))
      (HsQTvs
       (NoExtField)
       [({ T17544.hs:49:10 }
         (UserTyVar
          (NoExtField)
          ({ T17544.hs:49:10 }
           (Unqual
            {OccName: a}))))])
      (Prefix)
      []
      []
      {Bag(Located (HsBind GhcPs)):
       []}
      [({ T17544.hs:49:20-28 }
        (FamilyDecl
         (NoExtField)
         (DataFamily)
         ({ T17544.hs:49:25-26 }
          (Unqual
           {OccName: D9}))
         (HsQTvs
          (NoExtField)
          [({ T17544.hs:49:28 }
            (UserTyVar
             (NoExtField)
             ({ T17544.hs:49:28 }
              (Unqual
               {OccName: a}))))])
         (Prefix)
         ({ <no location info> }
          (NoSig
           (NoExtField)))
         (Nothing)))]
      []
      [])))
  ,({ T17544.hs:(50,1)-(52,18) }
    (InstD
     (NoExtField)
     (ClsInstD
      (NoExtField)
      (ClsInstDecl
       (NoExtField)
       (HsIB
        (NoExtField)
        ({ T17544.hs:50:10-15 }
         (HsAppTy
          (NoExtField)
          ({ T17544.hs:50:10-11 }
           (HsTyVar
            (NoExtField)
            (NotPromoted)
            ({ T17544.hs:50:10-11 }
             (Unqual
              {OccName: C9}))))
          ({ T17544.hs:50:13-15 }
           (HsTyVar
            (NoExtField)
            (NotPromoted)
            ({ T17544.hs:50:13-15 }
             (Unqual
              {OccName: Int})))))))
       {Bag(Located (HsBind GhcPs)):
        []}
       []
       []
       [({ T17544.hs:(51,3)-(52,18) }
         (DataFamInstDecl
          (HsIB
           (NoExtField)
           (FamEqn
            (NoExtField)
            ({ T17544.hs:51:8-9 }
             (Unqual
              {OccName: D9}))
            (Nothing)
            [(HsValArg
              ({ T17544.hs:51:11-13 }
               (HsTyVar
                (NoExtField)
                (NotPromoted)
                ({ T17544.hs:51:11-13 }
                 (Unqual
                  {OccName: Int})))))]
            (Prefix)
            (HsDataDefn
             (NoExtField)
             (DataType)
             ({ <no location info> }
              [])
             (Nothing)
             (Nothing)
             [({ T17544.hs:52:5-18 }
               (ConDeclGADT
                (NoExtField)
                [({ T17544.hs:52:5-8 }
                  (Unqual
                   {OccName: MkD9}))]
                ({ T17544.hs:52:13-18 }
                 (False))
                (HsQTvs
                 (NoExtField)
                 [])
                (Nothing)
                (PrefixCon
                 [])
                ({ T17544.hs:52:13-18 }
                 (HsAppTy
                  (NoExtField)
                  ({ T17544.hs:52:13-14 }
                   (HsTyVar
                    (NoExtField)
                    (NotPromoted)
                    ({ T17544.hs:52:13-14 }
                     (Unqual
                      {OccName: D9}))))
                  ({ T17544.hs:52:16-18 }
                   (HsTyVar
                    (NoExtField)
                    (NotPromoted)
                    ({ T17544.hs:52:16-18 }
                     (Unqual
                      {OccName: Int}))))))
                (Nothing)))]
             ({ <no location info> }
              []))))))]
       (Nothing)))))
  ,({ T17544.hs:55:1-32 }
    (TyClD
     (NoExtField)
     (ClassDecl
      (ExplicitBraces)
      ({ <no location info> }
       [])
      ({ T17544.hs:55:7-9 }
       (Unqual
        {OccName: C10}))
      (HsQTvs
       (NoExtField)
       [({ T17544.hs:55:11 }
         (UserTyVar
          (NoExtField)
          ({ T17544.hs:55:11 }
           (Unqual
            {OccName: a}))))])
      (Prefix)
      []
      []
      {Bag(Located (HsBind GhcPs)):
       []}
      [({ T17544.hs:55:21-30 }
        (FamilyDecl
         (NoExtField)
         (DataFamily)
         ({ T17544.hs:55:26-28 }
          (Unqual
           {OccName: D10}))
         (HsQTvs
          (NoExtField)
          [({ T17544.hs:55:30 }
            (UserTyVar
             (NoExtField)
             ({ T17544.hs:55:30 }
              (Unqual
               {OccName: a}))))])
         (Prefix)
         ({ <no location info> }
          (NoSig
           (NoExtField)))
         (Nothing)))]
      []
      [])))
  ,({ T17544.hs:(56,1)-(58,20) }
    (InstD
     (NoExtField)
     (ClsInstD
      (NoExtField)
      (ClsInstDecl
       (NoExtField)
       (HsIB
        (NoExtField)
        ({ T17544.hs:56:10-16 }
         (HsAppTy
          (NoExtField)
          ({ T17544.hs:56:10-12 }
           (HsTyVar
            (NoExtField)
            (NotPromoted)
            ({ T17544.hs:56:10-12 }
             (Unqual
              {OccName: C10}))))
          ({ T17544.hs:56:14-16 }
           (HsTyVar
            (NoExtField)
            (NotPromoted)
            ({ T17544.hs:56:14-16 }
             (Unqual
              {OccName: Int})))))))
       {Bag(Located (HsBind GhcPs)):
        []}
       []
       []
       [({ T17544.hs:(57,3)-(58,20) }
         (DataFamInstDecl
          (HsIB
           (NoExtField)
           (FamEqn
            (NoExtField)
            ({ T17544.hs:57:8-10 }
             (Unqual
              {OccName: D10}))
            (Nothing)
            [(HsValArg
              ({ T17544.hs:57:12-14 }
               (HsTyVar
                (NoExtField)
                (NotPromoted)
                ({ T17544.hs:57:12-14 }
                 (Unqual
                  {OccName: Int})))))]
            (Prefix)
            (HsDataDefn
             (NoExtField)
             (DataType)
             ({ <no location info> }
              [])
             (Nothing)
             (Nothing)
             [({ T17544.hs:58:5-20 }
               (ConDeclGADT
                (NoExtField)
                [({ T17544.hs:58:5-9 }
                  (Unqual
                   {OccName: MkD10}))]
                ({ T17544.hs:58:14-20 }
                 (False))
                (HsQTvs
                 (NoExtField)
                 [])
                (Nothing)
                (PrefixCon
                 [])
                ({ T17544.hs:58:14-20 }
                 (HsAppTy
                  (NoExtField)
                  ({ T17544.hs:58:14-16 }
                   (HsTyVar
                    (NoExtField)
                    (NotPromoted)
                    ({ T17544.hs:58:14-16 }
                     (Unqual
                      {OccName: D10}))))
                  ({ T17544.hs:58:18-20 }
                   (HsTyVar
                    (NoExtField)
                    (NotPromoted)
                    ({ T17544.hs:58:18-20 }
                     (Unqual
                      {OccName: Int}))))))
                (Nothing)))]
             ({ <no location info> }
              []))))))]
       (Nothing)))))
  ,({ T17544.hs:59:1-38 }
    (DocD
     (NoExtField)
     (DocCommentPrev
      (HsDocString
       " comment on class instance C10 Int"))))]
  (Nothing)
  (Nothing)))



T17544.hs:29:6: warning: [-Winvalid-haddock]
    A Haddock comment cannot appear in this position and will be ignored.

T17544.hs:35:5: warning: [-Winvalid-haddock]
    A Haddock comment cannot appear in this position and will be ignored.

T17544.hs:41:4: warning: [-Winvalid-haddock]
    A Haddock comment cannot appear in this position and will be ignored.

T17544.hs:47:3: warning: [-Winvalid-haddock]
    A Haddock comment cannot appear in this position and will be ignored.

T17544.hs:53:2: warning: [-Winvalid-haddock]
    A Haddock comment cannot appear in this position and will be ignored.
