
==================== Strictness signatures ====================
BottomFromInnerLambda.$trModule: c
BottomFromInnerLambda.expensive: <S(S),1*U(U)>c
BottomFromInnerLambda.f: <S(S),1*U(U)>c



==================== Cpr signatures ====================
BottomFromInnerLambda.$trModule: m1
BottomFromInnerLambda.expensive: m1
BottomFromInnerLambda.f:



==================== Strictness signatures ====================
BottomFromInnerLambda.$trModule: c
BottomFromInnerLambda.expensive: <S(S),1*U(1*U)>c
BottomFromInnerLambda.f: <S(S),1*U(1*U)>c


