
==================== Strictness signatures ====================
CaseBinderCPR.$trModule: c
CaseBinderCPR.f_list_cmp: <L,C(C1(U(U)))><S,1*U><S,1*U>c



==================== Cpr signatures ====================
CaseBinderCPR.$trModule: m1
CaseBinderCPR.f_list_cmp: m1



==================== Strictness signatures ====================
CaseBinderCPR.$trModule: c
CaseBinderCPR.f_list_cmp: <L,C(C1(U(1*U)))><S,1*U><S,1*U>c


