
==================== Strictness signatures ====================
DmdAnalGADTs.$tc'A: c
DmdAnalGADTs.$tc'B: c
DmdAnalGADTs.$tcD: c
DmdAnalGADTs.$trModule: c
DmdAnalGADTs.diverges: b
DmdAnalGADTs.f: <S,1*U>c
DmdAnalGADTs.f': <S,1*U>c
DmdAnalGADTs.g: <S,1*U>c
DmdAnalGADTs.hasCPR: c
DmdAnalGADTs.hasStrSig: <S,1*U>c



==================== Cpr signatures ====================
DmdAnalGADTs.$tc'A: m1
DmdAnalGADTs.$tc'B: m1
DmdAnalGADTs.$tcD: m1
DmdAnalGADTs.$trModule: m1
DmdAnalGADTs.diverges: b
DmdAnalGADTs.f:
DmdAnalGADTs.f': m1
DmdAnalGADTs.g:
DmdAnalGADTs.hasCPR: m1
DmdAnalGADTs.hasStrSig:



==================== Strictness signatures ====================
DmdAnalGADTs.$tc'A: c
DmdAnalGADTs.$tc'B: c
DmdAnalGADTs.$tcD: c
DmdAnalGADTs.$trModule: c
DmdAnalGADTs.diverges: b
DmdAnalGADTs.f: <S,1*U>c
DmdAnalGADTs.f': <S,1*U>c
DmdAnalGADTs.g: <S,1*U>c
DmdAnalGADTs.hasCPR: c
DmdAnalGADTs.hasStrSig: <S,1*U>c


