
==================== Strictness signatures ====================
Test.$tc'MkT: c
Test.$tcT: c
Test.$trModule: c
Test.t: <S,1*U(U)><S,1*U(U)>c
Test.t2: <S,1*U(U)><S,1*U(U)>c



==================== Cpr signatures ====================
Test.$tc'MkT: m1
Test.$tcT: m1
Test.$trModule: m1
Test.t: m1
Test.t2: m1



==================== Strictness signatures ====================
Test.$tc'MkT: c
Test.$tcT: c
Test.$trModule: c
Test.t: <S,1*U(U)><S,1*U(U)>c
Test.t2: <S,1*U(U)><S,1*U(U)>c


