
==================== Strictness signatures ====================
StrAnalExample.$trModule: c
StrAnalExample.foo: <S,1*U>c



==================== Cpr signatures ====================
StrAnalExample.$trModule: m1
StrAnalExample.foo:



==================== Strictness signatures ====================
StrAnalExample.$trModule: c
StrAnalExample.foo: <S,1*U>c


