
==================== Strictness signatures ====================
Lib.$trModule: c
Lib.f: <S,1*U(U)><S,1*U(U)><L,U>c



==================== Cpr signatures ====================
Lib.$trModule: m1
Lib.f:



==================== Strictness signatures ====================
Lib.$trModule: c
Lib.f: <S,1*U(U)><S,1*U(U)><L,U>c


