
==================== Strictness signatures ====================
T17932.$tc'Options: c
T17932.$tc'X: c
T17932.$tcOptions: c
T17932.$tcX: c
T17932.$trModule: c
T17932.flags: <S(SS),1*U(1*U,1*U)>c



==================== Cpr signatures ====================
T17932.$tc'Options: m1
T17932.$tc'X: m1
T17932.$tcOptions: m1
T17932.$tcX: m1
T17932.$trModule: m1
T17932.flags:



==================== Strictness signatures ====================
T17932.$tc'Options: c
T17932.$tc'X: c
T17932.$tcOptions: c
T17932.$tcX: c
T17932.$trModule: c
T17932.flags: <S(SS),1*U(1*U,1*U)>c


