
==================== Strictness signatures ====================
T8569.$tc'Rdata: c
T8569.$tc'Rint: c
T8569.$tcRep: c
T8569.$trModule: c
T8569.addUp: <S,1*U><L,U>c



==================== Cpr signatures ====================
T8569.$tc'Rdata: m1
T8569.$tc'Rint: m1
T8569.$tcRep: m1
T8569.$trModule: m1
T8569.addUp:



==================== Strictness signatures ====================
T8569.$tc'Rdata: c
T8569.$tc'Rint: c
T8569.$tcRep: c
T8569.$trModule: c
T8569.addUp: <S,1*U><L,U>c


