
==================== Strictness signatures ====================
T8598.$trModule: c
T8598.fun: <S,1*U(U)>c



==================== Cpr signatures ====================
T8598.$trModule: m1
T8598.fun: m1



==================== Strictness signatures ====================
T8598.$trModule: c
T8598.fun: <S,1*U(U)>c


