  lift :: Foo -> T
  [HasNoCafRefs, Arity: 1, Strictness: <S,1*U>,
   Unfolding: (bof `cast` (Sym (N:Foo[0]) ->_R <T>_R))]
